// Jest Snapshot v1, https://goo.gl/fbAQLP

exports[`ThankYouCard #render matches snapshot 1`] = `
<Fragment>
  <div
    className="ThankYouCardContainer"
  >
    <div
      className="ThankYouCard"
    >
      <canvas
        aria-label="You’re the best mentor, Test member 1!"
        role="img"
      />
    </div>
  </div>
  <div>
    <button
      className="Share"
      onClick={[Function]}
    >
      Share on Twitter
    </button>
  </div>
</Fragment>
`;
