// Jest Snapshot v1, https://goo.gl/fbAQLP

exports[`ThankYouCard #render matches snapshot 1`] = `
<Fragment>
  <div
    className="ThankYouCardContainer"
  >
    <div
      className="ThankYouCard"
    >
      <canvas />
    </div>
  </div>
  <div>
    <button
      className="Share"
      onClick={[Function]}
    >
      Share on Twitter
    </button>
  </div>
</Fragment>
`;
